// Jest Snapshot v1, https://goo.gl/fbAQLP

exports[`ProjectTile component should render as expected 1`] = `
<div
  className="projectTile__container"
>
  <h3
    className="projectTile__heading"
  >
    <a
      href={undefined}
    />
    <img
      className="projectTile__logo"
      src=""
    />
  </h3>
  <p
    className="projectTile__description"
  />
  <button
    className="projectTile__videoButton"
    onClick={[Function]}
  >
    <span
      aria-hidden={true}
      className="fa fa-play-circle"
      style={
        Object {
          "fontSize": "20px",
        }
      }
    />
     Erkl√§rvideo
  </button>
  <div
    className="gitHubStats__container"
    onClick={[Function]}
  >
    <div
      className="gitHubStats__stat"
    >
      <p
        className="gitHubStats__icon"
      >
        <span
          aria-hidden={true}
          className="fa fa-code"
        />
      </p>
      <p
        className="gitHubStats__description"
      />
    </div>
    <div
      className="gitHubStats__stat"
    >
      <p
        className="gitHubStats__icon"
      >
        <span
          aria-hidden={true}
          className="fa fa-code-fork"
        />
      </p>
      <p
        className="gitHubStats__description"
      />
    </div>
    <div
      className="gitHubStats__stat"
    >
      <p
        className="gitHubStats__icon"
      >
        <span
          aria-hidden={true}
          className="fa fa-star"
        />
      </p>
      <p
        className="gitHubStats__description"
      />
    </div>
    <div
      className="gitHubStats__stat"
    >
      <p
        className="gitHubStats__icon"
      >
        <span
          aria-hidden={true}
          className="fa fa-users"
        />
      </p>
      <p
        className="gitHubStats__description"
      />
    </div>
  </div>
</div>
`;
