// Jest Snapshot v1, https://goo.gl/fbAQLP

exports[`Projects component should render as expected 1`] = `
<section
  className="projects__container"
  id="projects"
>
  <h2
    className="sectionHeading projects__heading"
  >
    Projects
  </h2>
  <div
    className="projects__tiles"
  >
    <div
      className="projectTile__container"
    >
      <h3
        className="projectTile__heading"
      >
        <a
          href={undefined}
        >
          Lorem ipsum dolor sit amet
        </a>
        <img
          className="projectTile__logo"
          src=""
        />
      </h3>
      <p
        className="projectTile__description"
      >
        Lorem ipsum dolor sit amet, consetetur sadipscing elitr, sed diam nonumy eirmod tempor invidunt ut labore et dolore magna aliquyam erat
      </p>
      <button
        className="projectTile__videoButton"
        onClick={[Function]}
      >
        <span
          aria-hidden={true}
          className="fa fa-play-circle"
          style={
            Object {
              "fontSize": "20px",
            }
          }
        />
         Erklärvideo
      </button>
      <div
        className="gitHubStats__container"
        onClick={[Function]}
      >
        <div
          className="gitHubStats__stat"
        >
          <p
            className="gitHubStats__icon"
          >
            <span
              aria-hidden={true}
              className="fa fa-code"
            />
          </p>
          <p
            className="gitHubStats__description"
          />
        </div>
        <div
          className="gitHubStats__stat"
        >
          <p
            className="gitHubStats__icon"
          >
            <span
              aria-hidden={true}
              className="fa fa-code-fork"
            />
          </p>
          <p
            className="gitHubStats__description"
          />
        </div>
        <div
          className="gitHubStats__stat"
        >
          <p
            className="gitHubStats__icon"
          >
            <span
              aria-hidden={true}
              className="fa fa-star"
            />
          </p>
          <p
            className="gitHubStats__description"
          />
        </div>
        <div
          className="gitHubStats__stat"
        >
          <p
            className="gitHubStats__icon"
          >
            <span
              aria-hidden={true}
              className="fa fa-users"
            />
          </p>
          <p
            className="gitHubStats__description"
          />
        </div>
      </div>
    </div>
    <div
      className="projectTile__container"
    >
      <h3
        className="projectTile__heading"
      >
        <a
          href={undefined}
        >
          consetetur sadipscing elitr
        </a>
        <img
          className="projectTile__logo"
          src=""
        />
      </h3>
      <p
        className="projectTile__description"
      >
        Lorem ipsum dolor sit amet, consetetur sadipscing elitr, sed diam nonumy eirmod tempor invidunt ut labore et dolore magna aliquyam erat
      </p>
      <button
        className="projectTile__videoButton"
        onClick={[Function]}
      >
        <span
          aria-hidden={true}
          className="fa fa-play-circle"
          style={
            Object {
              "fontSize": "20px",
            }
          }
        />
         Erklärvideo
      </button>
      <div
        className="gitHubStats__container"
        onClick={[Function]}
      >
        <div
          className="gitHubStats__stat"
        >
          <p
            className="gitHubStats__icon"
          >
            <span
              aria-hidden={true}
              className="fa fa-code"
            />
          </p>
          <p
            className="gitHubStats__description"
          />
        </div>
        <div
          className="gitHubStats__stat"
        >
          <p
            className="gitHubStats__icon"
          >
            <span
              aria-hidden={true}
              className="fa fa-code-fork"
            />
          </p>
          <p
            className="gitHubStats__description"
          />
        </div>
        <div
          className="gitHubStats__stat"
        >
          <p
            className="gitHubStats__icon"
          >
            <span
              aria-hidden={true}
              className="fa fa-star"
            />
          </p>
          <p
            className="gitHubStats__description"
          />
        </div>
        <div
          className="gitHubStats__stat"
        >
          <p
            className="gitHubStats__icon"
          >
            <span
              aria-hidden={true}
              className="fa fa-users"
            />
          </p>
          <p
            className="gitHubStats__description"
          />
        </div>
      </div>
    </div>
    <div
      className="projectTile__container"
    >
      <h3
        className="projectTile__heading"
      >
        <a
          href={undefined}
        >
          diam nonumy eirmod tempor invidunt
        </a>
        <img
          className="projectTile__logo"
          src=""
        />
      </h3>
      <p
        className="projectTile__description"
      >
        Lorem ipsum dolor sit amet, consetetur sadipscing elitr, sed diam nonumy eirmod tempor invidunt ut labore et dolore magna aliquyam erat
      </p>
      <button
        className="projectTile__videoButton"
        onClick={[Function]}
      >
        <span
          aria-hidden={true}
          className="fa fa-play-circle"
          style={
            Object {
              "fontSize": "20px",
            }
          }
        />
         Erklärvideo
      </button>
      <div
        className="gitHubStats__container"
        onClick={[Function]}
      >
        <div
          className="gitHubStats__stat"
        >
          <p
            className="gitHubStats__icon"
          >
            <span
              aria-hidden={true}
              className="fa fa-code"
            />
          </p>
          <p
            className="gitHubStats__description"
          />
        </div>
        <div
          className="gitHubStats__stat"
        >
          <p
            className="gitHubStats__icon"
          >
            <span
              aria-hidden={true}
              className="fa fa-code-fork"
            />
          </p>
          <p
            className="gitHubStats__description"
          />
        </div>
        <div
          className="gitHubStats__stat"
        >
          <p
            className="gitHubStats__icon"
          >
            <span
              aria-hidden={true}
              className="fa fa-star"
            />
          </p>
          <p
            className="gitHubStats__description"
          />
        </div>
        <div
          className="gitHubStats__stat"
        >
          <p
            className="gitHubStats__icon"
          >
            <span
              aria-hidden={true}
              className="fa fa-users"
            />
          </p>
          <p
            className="gitHubStats__description"
          />
        </div>
      </div>
    </div>
  </div>
</section>
`;
